../Core/Src/main.c:152:5:main	8	static
../Core/Src/main.c:253:6:SystemClock_Config	88	static
../Core/Src/main.c:300:13:MX_NVIC_Init	8	static
../Core/Src/main.c:312:13:MX_ADC2_Init	40	static
../Core/Src/main.c:380:13:MX_COMP2_Init	8	static
../Core/Src/main.c:412:13:MX_COMP3_Init	8	static
../Core/Src/main.c:444:13:MX_COMP4_Init	8	static
../Core/Src/main.c:476:13:MX_COMP6_Init	8	static
../Core/Src/main.c:508:13:MX_HRTIM1_Init	184	static
../Core/Src/main.c:681:13:MX_TIM3_Init	64	static
../Core/Src/main.c:740:13:MX_USART3_UART_Init	8	static
../Core/Src/main.c:788:13:MX_USB_PCD_Init	8	static
../Core/Src/main.c:821:13:MX_GPIO_Init	48	static
../Core/Src/main.c:939:13:PWM_setduty	24	static
../Core/Src/main.c:946:6:StartADC	8	static
../Core/Src/main.c:972:6:StartDefaultTask	16	static
../Core/Src/main.c:1066:6:StartTask02	16	static
../Core/Src/main.c:1151:6:StartTask03	16	static
../Core/Src/main.c:1229:6:HAL_TIM_PeriodElapsedCallback	16	static
../Core/Src/main.c:1246:6:Error_Handler	4	static,ignoring_inline_asm
