../Core/Src/main.c:167:5:main	8	static
../Core/Src/main.c:273:6:SystemClock_Config	88	static
../Core/Src/main.c:320:13:MX_NVIC_Init	8	static
../Core/Src/main.c:332:13:MX_ADC2_Init	40	static
../Core/Src/main.c:400:13:MX_COMP2_Init	8	static
../Core/Src/main.c:432:13:MX_COMP3_Init	8	static
../Core/Src/main.c:464:13:MX_COMP4_Init	8	static
../Core/Src/main.c:496:13:MX_COMP6_Init	8	static
../Core/Src/main.c:528:13:MX_HRTIM1_Init	184	static
../Core/Src/main.c:681:13:MX_TIM3_Init	64	static
../Core/Src/main.c:740:13:MX_USART3_UART_Init	8	static
../Core/Src/main.c:788:13:MX_USB_PCD_Init	8	static
../Core/Src/main.c:821:13:MX_GPIO_Init	48	static
../Core/Src/main.c:945:13:PWM_setduty	24	static
../Core/Src/main.c:952:6:StartADC	8	static
../Core/Src/main.c:978:6:StartDefaultTask	16	static
../Core/Src/main.c:1061:6:StartTask02	16	static
../Core/Src/main.c:1163:6:StartTask03	16	static
../Core/Src/main.c:1240:6:StartTask04	16	static
../Core/Src/main.c:1269:6:DeadZone	16	static
../Core/Src/main.c:1301:6:HAL_TIM_PeriodElapsedCallback	16	static
../Core/Src/main.c:1319:6:Error_Handler	4	static,ignoring_inline_asm
