../Core/Src/stm32g4xx_it.c:75:6:NMI_Handler	4	static
../Core/Src/stm32g4xx_it.c:90:6:HardFault_Handler	4	static
../Core/Src/stm32g4xx_it.c:105:6:MemManage_Handler	4	static
../Core/Src/stm32g4xx_it.c:120:6:BusFault_Handler	4	static
../Core/Src/stm32g4xx_it.c:135:6:UsageFault_Handler	4	static
../Core/Src/stm32g4xx_it.c:150:6:DebugMon_Handler	4	static
../Core/Src/stm32g4xx_it.c:170:6:EXTI2_IRQHandler	8	static
../Core/Src/stm32g4xx_it.c:184:6:EXTI4_IRQHandler	8	static
../Core/Src/stm32g4xx_it.c:198:6:ADC1_2_IRQHandler	8	static
../Core/Src/stm32g4xx_it.c:213:6:USB_HP_IRQHandler	8	static
../Core/Src/stm32g4xx_it.c:227:6:EXTI9_5_IRQHandler	8	static
../Core/Src/stm32g4xx_it.c:241:6:TIM1_UP_TIM16_IRQHandler	8	static
../Core/Src/stm32g4xx_it.c:255:6:USART3_IRQHandler	8	static
../Core/Src/stm32g4xx_it.c:269:6:EXTI15_10_IRQHandler	8	static
../Core/Src/stm32g4xx_it.c:284:6:HRTIM1_Master_IRQHandler	8	static
../Core/Src/stm32g4xx_it.c:298:6:HRTIM1_TIMF_IRQHandler	8	static
