../Core/Src/stm32g4xx_it.c:74:6:NMI_Handler	4	static
../Core/Src/stm32g4xx_it.c:89:6:HardFault_Handler	4	static
../Core/Src/stm32g4xx_it.c:104:6:MemManage_Handler	4	static
../Core/Src/stm32g4xx_it.c:119:6:BusFault_Handler	4	static
../Core/Src/stm32g4xx_it.c:134:6:UsageFault_Handler	4	static
../Core/Src/stm32g4xx_it.c:149:6:DebugMon_Handler	4	static
../Core/Src/stm32g4xx_it.c:169:6:EXTI2_IRQHandler	8	static
../Core/Src/stm32g4xx_it.c:183:6:EXTI4_IRQHandler	8	static
../Core/Src/stm32g4xx_it.c:197:6:ADC1_2_IRQHandler	8	static
../Core/Src/stm32g4xx_it.c:211:6:USB_HP_IRQHandler	8	static
../Core/Src/stm32g4xx_it.c:225:6:EXTI9_5_IRQHandler	8	static
../Core/Src/stm32g4xx_it.c:239:6:TIM1_UP_TIM16_IRQHandler	8	static
../Core/Src/stm32g4xx_it.c:253:6:USART3_IRQHandler	8	static
../Core/Src/stm32g4xx_it.c:267:6:EXTI15_10_IRQHandler	8	static
../Core/Src/stm32g4xx_it.c:282:6:HRTIM1_Master_IRQHandler	8	static
../Core/Src/stm32g4xx_it.c:296:6:HRTIM1_TIMF_IRQHandler	8	static
